src/app/(merchant)/merchant/(dashbord)/billing/page.tsx(44,45): error TS2551: Property 'monthlyPrice' does not exist on type 'SubscriptionPlan'. Did you mean 'monthlyPriceGHS'?
src/app/(merchant)/merchant/(dashbord)/billing/page.tsx(44,68): error TS2551: Property 'annualPrice' does not exist on type 'SubscriptionPlan'. Did you mean 'annualPriceGHS'?
src/app/(merchant)/merchant/(dashbord)/billing/page.tsx(47,45): error TS2551: Property 'monthlyPrice' does not exist on type 'SubscriptionPlan'. Did you mean 'monthlyPriceGHS'?
src/app/(merchant)/merchant/(dashbord)/billing/page.tsx(47,68): error TS2551: Property 'annualPrice' does not exist on type 'SubscriptionPlan'. Did you mean 'annualPriceGHS'?
src/app/(merchant)/merchant/(dashbord)/billing/page.tsx(106,50): error TS2551: Property 'monthlyPrice' does not exist on type 'SubscriptionPlan'. Did you mean 'monthlyPriceGHS'?
src/app/(merchant)/merchant/(dashbord)/billing/page.tsx(106,70): error TS2551: Property 'annualPrice' does not exist on type 'SubscriptionPlan'. Did you mean 'annualPriceGHS'?
src/app/(merchant)/merchant/(dashbord)/billing/page.tsx(180,56): error TS2551: Property 'monthlyPrice' does not exist on type 'SubscriptionPlan'. Did you mean 'monthlyPriceGHS'?
src/app/(merchant)/merchant/(dashbord)/billing/page.tsx(180,73): error TS2551: Property 'annualPrice' does not exist on type 'SubscriptionPlan'. Did you mean 'annualPriceGHS'?
src/app/(merchant)/merchant/(dashbord)/billing/page.tsx(200,63): error TS2339: Property 'supportLevel' does not exist on type 'SubscriptionPlan'.
src/app/(merchant)/merchant/(dashbord)/orders/[orderId]/page.tsx(21,3): error TS2322: Type '"Cancelled"' is not assignable to type 'MerchantOrderStatus'.
src/app/(merchant)/merchant/(dashbord)/transactions/page.tsx(140,9): error TS2322: Type '"withdraw"' is not assignable to type '"fund" | "purchase"'.
src/app/(merchant)/merchant/onboarding/page.tsx(73,11): error TS2741: Property 'storefrontId' is missing in type '{ storeName: string; slug: string; primaryColor: string; accentColor: string; tagline: string; description: string; heroTitle: string; heroDescription: string; logo: string | undefined; theme: MerchantStorefrontTheme; ... 14 more ...; planId: string; }' but required in type 'MerchantStorefrontConfig'.
src/app/admin/domains/page.tsx(30,8): error TS2459: Module '"@/lib/domains/store"' declares 'DomainActor' locally, but it is not exported.
src/app/admin/ecommerce/dashboard/page.tsx(106,17): error TS2322: Type '"activity"' is not assignable to type 'AtlasIconName'.
src/app/admin/ecommerce/support/page.tsx(31,8): error TS5097: An import path can only end with a '.ts' extension when 'allowImportingTsExtensions' is enabled.
src/app/admin/ecommerce/support/page.tsx(150,44): error TS2345: Argument of type 'number | null' is not assignable to parameter of type 'number'.
  Type 'null' is not assignable to type 'number'.
src/app/admin/ecommerce/support/page.tsx(455,21): error TS2322: Type 'number | null' is not assignable to type 'number'.
  Type 'null' is not assignable to type 'number'.
src/app/admin/providers/page.tsx(376,13): error TS2322: Type 'RefObject<HTMLInputElement | null>' is not assignable to type 'RefObject<HTMLInputElement>'.
  Type 'HTMLInputElement | null' is not assignable to type 'HTMLInputElement'.
    Type 'null' is not assignable to type 'HTMLInputElement'.
src/app/admin/reported-accounts/page.tsx(627,9): error TS2322: Type '(view: SavedView) => void' is not assignable to type '(name: string) => void'.
  Types of parameters 'view' and 'name' are incompatible.
    Type 'string' is not assignable to type 'SavedView'.
src/app/admin/reported-accounts/page.tsx(752,10): error TS2739: Type '{ user: StorefrontUser; storefront: UnifiedStorefront | undefined; onClose: () => void; onAddTag: (id: string, tag: string) => void; onRemoveTag: (id: string, tag: string) => void; ... 4 more ...; onResetPassword: (id: string) => void; }' is missing the following properties from type 'StorefrontUserDetailDrawerProps': walletBalance, walletFrozen, onAdjustWallet, onFreezeWallet, onUnfreezeWallet
src/app/admin/resellers/support-tickets/page.tsx(149,44): error TS2345: Argument of type 'number | null' is not assignable to parameter of type 'number'.
  Type 'null' is not assignable to type 'number'.
src/app/admin/resellers/support-tickets/page.tsx(454,21): error TS2322: Type 'number | null' is not assignable to type 'number'.
  Type 'null' is not assignable to type 'number'.
src/app/admin/settings/page.tsx(71,3): error TS2459: Module '"@/lib/admin/types/settings"' declares 'NotificationChannel' locally, but it is not exported.
src/components/admin/analytics/analytics-summary-cards.tsx(116,21): error TS2322: Type 'string' is not assignable to type 'AtlasIconName'.
src/components/admin/commissions/commission-ledger-panel.tsx(400,9): error TS2322: Type '(view: SavedView) => void' is not assignable to type '(name: string) => void'.
  Types of parameters 'view' and 'name' are incompatible.
    Type 'string' is not assignable to type 'SavedView'.
src/components/admin/ecommerce/ecommerce-analytics-charts.tsx(75,15): error TS2322: Type '(value: number, _name: string, payload: Payload<ValueType, NameType> | TooltipPayloadEntry) => [string, string]' is not assignable to type 'Formatter<ValueType, NameType> & ((value: ValueType, name: NameType, item: TooltipPayloadEntry, index: number, payload: TooltipPayload) => ReactNode | [...])'.
  Type '(value: number, _name: string, payload: Payload<ValueType, NameType> | TooltipPayloadEntry) => [string, string]' is not assignable to type 'Formatter<ValueType, NameType>'.
    Types of parameters 'value' and 'value' are incompatible.
      Type 'ValueType | undefined' is not assignable to type 'number'.
        Type 'undefined' is not assignable to type 'number'.
src/components/admin/ecommerce/ecommerce-analytics-charts.tsx(131,15): error TS2322: Type '(value: number, name: string) => [string, string]' is not assignable to type 'Formatter<ValueType, NameType> & ((value: ValueType, name: NameType, item: TooltipPayloadEntry, index: number, payload: TooltipPayload) => ReactNode | [...])'.
  Type '(value: number, name: string) => [string, string]' is not assignable to type 'Formatter<ValueType, NameType>'.
    Types of parameters 'value' and 'value' are incompatible.
      Type 'ValueType | undefined' is not assignable to type 'number'.
        Type 'undefined' is not assignable to type 'number'.
src/components/admin/ecommerce/ecommerce-dashboard-charts.tsx(98,15): error TS2322: Type '(value: number, _name: string, payload: Payload<ValueType, NameType> | TooltipPayloadEntry) => [string, string]' is not assignable to type 'Formatter<ValueType, NameType> & ((value: ValueType, name: NameType, item: TooltipPayloadEntry, index: number, payload: TooltipPayload) => ReactNode | [...])'.
  Type '(value: number, _name: string, payload: Payload<ValueType, NameType> | TooltipPayloadEntry) => [string, string]' is not assignable to type 'Formatter<ValueType, NameType>'.
    Types of parameters 'value' and 'value' are incompatible.
      Type 'ValueType | undefined' is not assignable to type 'number'.
        Type 'undefined' is not assignable to type 'number'.
src/components/admin/ecommerce/ecommerce-dashboard-charts.tsx(160,15): error TS2322: Type '(value: number) => [string, string]' is not assignable to type 'Formatter<ValueType, NameType> & ((value: ValueType, name: NameType, item: TooltipPayloadEntry, index: number, payload: TooltipPayload) => ReactNode | [...])'.
  Type '(value: number) => [string, string]' is not assignable to type 'Formatter<ValueType, NameType>'.
    Types of parameters 'value' and 'value' are incompatible.
      Type 'ValueType | undefined' is not assignable to type 'number'.
        Type 'undefined' is not assignable to type 'number'.
src/components/admin/ecommerce/ecommerce-dashboard-charts.tsx(200,15): error TS2322: Type '(value: number, _name: string, payload: Payload<ValueType, NameType> | TooltipPayloadEntry) => [string, string]' is not assignable to type 'Formatter<ValueType, NameType> & ((value: ValueType, name: NameType, item: TooltipPayloadEntry, index: number, payload: TooltipPayload) => ReactNode | [...])'.
  Type '(value: number, _name: string, payload: Payload<ValueType, NameType> | TooltipPayloadEntry) => [string, string]' is not assignable to type 'Formatter<ValueType, NameType>'.
    Types of parameters 'value' and 'value' are incompatible.
      Type 'ValueType | undefined' is not assignable to type 'number'.
        Type 'undefined' is not assignable to type 'number'.
src/components/admin/ecommerce/payments/payments-ledger-table.tsx(142,7): error TS2322: Type '{ columns: Column<LedgerRow>[]; data: LedgerRow[]; isLoading: false; rowKey: (r: LedgerRow) => string; onRowClick: (r: LedgerRow) => void; ... 5 more ...; onPageChange: (page: number) => void; }' is not assignable to type 'IntrinsicAttributes & AdminDataTableProps<LedgerRow>'.
  Property 'totalRows' does not exist on type 'IntrinsicAttributes & AdminDataTableProps<LedgerRow>'.
src/components/admin/ecommerce/subscription-detail-drawer.tsx(165,19): error TS2322: Type '"external-link"' is not assignable to type 'AtlasIconName'.
src/components/admin/ecommerce/support-ticket-detail-drawer.tsx(81,41): error TS2345: Argument of type 'number | null' is not assignable to parameter of type 'number'.
  Type 'null' is not assignable to type 'number'.
src/components/admin/ecommerce/support-ticket-detail-drawer.tsx(204,20): error TS2554: Expected 2 arguments, but got 1.
src/components/admin/ecommerce/support-ticket-detail-drawer.tsx(212,20): error TS2554: Expected 2 arguments, but got 1.
src/components/admin/ecommerce/support-ticket-detail-drawer.tsx(445,14): error TS2554: Expected 2 arguments, but got 1.
src/components/admin/ecommerce/support-ticket-row.tsx(103,14): error TS2554: Expected 2 arguments, but got 1.
src/components/admin/notifications/notification-create-modal.tsx(73,26): error TS2339: Property 'specificUserIds' does not exist on type 'PlatformNotification'.
src/components/admin/notifications/notification-create-modal.tsx(98,15): error TS7006: Parameter 's' implicitly has an 'any' type.
src/components/admin/notifications/notification-create-modal.tsx(166,7): error TS2353: Object literal may only specify known properties, and 'specificUserIds' does not exist in type 'PlatformNotification'.
src/components/admin/notifications/notification-create-modal.tsx(226,7): error TS2353: Object literal may only specify known properties, and 'specificUserIds' does not exist in type 'PlatformNotification'.
src/components/admin/notifications/notification-create-modal.tsx(452,31): error TS2322: Type 'string' is not assignable to type 'AtlasIconName'.
src/components/admin/notifications/notification-create-modal.tsx(576,25): error TS2322: Type 'string' is not assignable to type 'AtlasIconName'.
src/components/admin/notifications/notification-detail-drawer.tsx(171,28): error TS2322: Type 'string' is not assignable to type 'AtlasIconName'.
src/components/admin/notifications/notification-detail-drawer.tsx(246,14): error TS2339: Property 'approvedByName' does not exist on type 'PlatformNotification'.
src/components/admin/notifications/notification-detail-drawer.tsx(252,20): error TS2339: Property 'approvedByName' does not exist on type 'PlatformNotification'.
src/components/admin/notifications/notification-preview.tsx(82,26): error TS2322: Type 'string' is not assignable to type 'AtlasIconName'.
src/components/admin/notifications/notification-row.tsx(89,30): error TS2322: Type 'string' is not assignable to type 'AtlasIconName'.
src/components/admin/notifications/notification-summary-cards.tsx(100,30): error TS2322: Type 'string' is not assignable to type 'AtlasIconName'.
src/components/admin/orders/order-analytics.tsx(183,17): error TS2322: Type '(value: number, name: string) => [string, string] | [number, string]' is not assignable to type 'Formatter<ValueType, NameType> & ((value: ValueType, name: NameType, item: TooltipPayloadEntry, index: number, payload: TooltipPayload) => ReactNode | [...])'.
  Type '(value: number, name: string) => [string, string] | [number, string]' is not assignable to type 'Formatter<ValueType, NameType>'.
    Types of parameters 'value' and 'value' are incompatible.
      Type 'ValueType | undefined' is not assignable to type 'number'.
        Type 'undefined' is not assignable to type 'number'.
src/components/admin/orders/order-cancel-modal.tsx(51,24): error TS18048: 'order.walletDebit' is possibly 'undefined'.
src/components/admin/orders/order-live-board.tsx(56,5): error TS2322: Type '"refresh"' is not assignable to type 'AtlasIconName'.
src/components/admin/orders/orders-table.tsx(153,7): error TS2322: Type '{ columns: ({ key: string; header: string; cell: (row: HistoryRow) => Element; sortable?: undefined; } | { key: string; header: string; sortable: boolean; cell: (row: HistoryRow) => Element; })[]; ... 11 more ...; caption: string; }' is not assignable to type 'IntrinsicAttributes & AdminDataTableProps<HistoryRow>'.
  Property 'onSortChange' does not exist on type 'IntrinsicAttributes & AdminDataTableProps<HistoryRow>'.
src/components/admin/orders/orders-table.tsx(153,22): error TS7006: Parameter 'key' implicitly has an 'any' type.
src/components/admin/orders/orders-table.tsx(153,27): error TS7006: Parameter 'dir' implicitly has an 'any' type.
src/components/admin/payments/payment-analytics.tsx(79,24): error TS2322: Type '(value: number) => string | number' is not assignable to type 'Formatter<ValueType, NameType> & ((value: ValueType, name: NameType, item: TooltipPayloadEntry, index: number, payload: TooltipPayload) => ReactNode | [...])'.
  Type '(value: number) => string | number' is not assignable to type 'Formatter<ValueType, NameType>'.
    Types of parameters 'value' and 'value' are incompatible.
      Type 'ValueType | undefined' is not assignable to type 'number'.
        Type 'undefined' is not assignable to type 'number'.
src/components/admin/payments/payment-provider-health.tsx(29,28): error TS7053: Element implicitly has an 'any' type because expression of type 'string' can't be used to index type '{ operational: { label: string; variant: "success"; color: string; }; degraded: { label: string; variant: "warning"; color: string; }; down: { label: string; variant: "danger"; color: string; }; }'.
  No index signature with a parameter of type 'string' was found on type '{ operational: { label: string; variant: "success"; color: string; }; degraded: { label: string; variant: "warning"; color: string; }; down: { label: string; variant: "danger"; color: string; }; }'.
src/components/admin/payments/payments-tabs.tsx(4,15): error TS2305: Module '"@/lib/admin/payments/payments-constants"' has no exported member 'TabKey'.
src/components/admin/providers/add-provider-dialog.tsx(39,7): error TS2322: Type '"active"' is not assignable to type 'ProviderStatus'.
src/components/admin/providers/add-provider-dialog.tsx(54,22): error TS2353: Object literal may only specify known properties, and 'apiKey' does not exist in type 'ProviderCredentials'.
src/components/admin/providers/provider-activity-stream.tsx(29,42): error TS2322: Type '"activity"' is not assignable to type 'AtlasIconName'.
src/components/admin/providers/provider-card.tsx(190,15): error TS2322: Type '"activity"' is not assignable to type 'AtlasIconName'.
src/components/admin/providers/provider-configuration.tsx(62,21): error TS2345: Argument of type 'boolean' is not assignable to parameter of type 'UseUnsavedChangesOptions'.
src/components/admin/providers/provider-detail-header.tsx(176,17): error TS2322: Type '"activity"' is not assignable to type 'AtlasIconName'.
src/components/admin/providers/provider-performance.tsx(157,19): error TS2322: Type '(v: number) => [string, string]' is not assignable to type 'Formatter<ValueType, NameType> & ((value: ValueType, name: NameType, item: TooltipPayloadEntry, index: number, payload: TooltipPayload) => ReactNode | [...])'.
  Type '(v: number) => [string, string]' is not assignable to type 'Formatter<ValueType, NameType>'.
    Types of parameters 'v' and 'value' are incompatible.
      Type 'ValueType | undefined' is not assignable to type 'number'.
        Type 'undefined' is not assignable to type 'number'.
src/components/admin/providers/provider-performance.tsx(198,19): error TS2322: Type '(v: number) => [string, string]' is not assignable to type 'Formatter<ValueType, NameType> & ((value: ValueType, name: NameType, item: TooltipPayloadEntry, index: number, payload: TooltipPayload) => ReactNode | [...])'.
  Type '(v: number) => [string, string]' is not assignable to type 'Formatter<ValueType, NameType>'.
    Types of parameters 'v' and 'value' are incompatible.
      Type 'ValueType | undefined' is not assignable to type 'number'.
        Type 'undefined' is not assignable to type 'number'.
src/components/admin/providers/provider-transactions.tsx(179,25): error TS2322: Type 'number | null' is not assignable to type 'Date | null'.
  Type 'number' is not assignable to type 'Date'.
src/components/admin/providers/provider-transactions.tsx(261,41): error TS2345: Argument of type 'Date | null' is not assignable to parameter of type 'number | null'.
  Type 'Date' is not assignable to type 'number'.
src/components/admin/providers/providers-table.tsx(52,62): error TS2322: Type '{ status: ProviderStatus; }' is not assignable to type 'IntrinsicAttributes & ProviderStatusBadgeProps'.
  Property 'status' does not exist on type 'IntrinsicAttributes & ProviderStatusBadgeProps'.
src/components/admin/providers/providers-table.tsx(56,102): error TS2339: Property 'serviceCategory' does not exist on type 'ProviderService'.
src/components/admin/providers/providers-table.tsx(83,36): error TS2322: Type '{ status: ProviderStatus; }' is not assignable to type 'IntrinsicAttributes & ProviderStatusBadgeProps'.
  Property 'status' does not exist on type 'IntrinsicAttributes & ProviderStatusBadgeProps'.
src/components/admin/providers/update-credentials-dialog.tsx(15,61): error TS2339: Property 'apiKey' does not exist on type 'ProviderCredentials'.
src/components/admin/providers/update-credentials-dialog.tsx(16,61): error TS2339: Property 'secret' does not exist on type 'ProviderCredentials'.
src/components/admin/providers/update-credentials-dialog.tsx(20,14): error TS2353: Object literal may only specify known properties, and 'apiKey' does not exist in type 'ProviderCredentials'.
src/components/admin/resellers/analytics-charts.tsx(78,15): error TS2322: Type '(value: number) => [string, string]' is not assignable to type 'Formatter<ValueType, NameType> & ((value: ValueType, name: NameType, item: TooltipPayloadEntry, index: number, payload: TooltipPayload) => ReactNode | [...])'.
  Type '(value: number) => [string, string]' is not assignable to type 'Formatter<ValueType, NameType>'.
    Types of parameters 'value' and 'value' are incompatible.
      Type 'ValueType | undefined' is not assignable to type 'number'.
        Type 'undefined' is not assignable to type 'number'.
src/components/admin/resellers/analytics-charts.tsx(119,15): error TS2322: Type '(value: number, _name: string, payload: Payload<ValueType, NameType> | TooltipPayloadEntry) => [string, string]' is not assignable to type 'Formatter<ValueType, NameType> & ((value: ValueType, name: NameType, item: TooltipPayloadEntry, index: number, payload: TooltipPayload) => ReactNode | [...])'.
  Type '(value: number, _name: string, payload: Payload<ValueType, NameType> | TooltipPayloadEntry) => [string, string]' is not assignable to type 'Formatter<ValueType, NameType>'.
    Types of parameters 'value' and 'value' are incompatible.
      Type 'ValueType | undefined' is not assignable to type 'number'.
        Type 'undefined' is not assignable to type 'number'.
src/components/admin/resellers/analytics-charts.tsx(163,15): error TS2322: Type '(value: number, _name: string, payload: Payload<ValueType, NameType> | TooltipPayloadEntry) => [string, string]' is not assignable to type 'Formatter<ValueType, NameType> & ((value: ValueType, name: NameType, item: TooltipPayloadEntry, index: number, payload: TooltipPayload) => ReactNode | [...])'.
  Type '(value: number, _name: string, payload: Payload<ValueType, NameType> | TooltipPayloadEntry) => [string, string]' is not assignable to type 'Formatter<ValueType, NameType>'.
    Types of parameters 'value' and 'value' are incompatible.
      Type 'ValueType | undefined' is not assignable to type 'number'.
        Type 'undefined' is not assignable to type 'number'.
src/components/admin/resellers/reseller-dashboard-activity.tsx(45,15): error TS2322: Type '"activity"' is not assignable to type 'AtlasIconName'.
src/components/admin/resellers/reseller-dashboard-charts.tsx(121,15): error TS2322: Type '(value: number) => [string, string]' is not assignable to type 'Formatter<ValueType, NameType> & ((value: ValueType, name: NameType, item: TooltipPayloadEntry, index: number, payload: TooltipPayload) => ReactNode | [...])'.
  Type '(value: number) => [string, string]' is not assignable to type 'Formatter<ValueType, NameType>'.
    Types of parameters 'value' and 'value' are incompatible.
      Type 'ValueType | undefined' is not assignable to type 'number'.
        Type 'undefined' is not assignable to type 'number'.
src/components/admin/resellers/reseller-dashboard-charts.tsx(206,17): error TS2322: Type '(value: number, name: string) => [string, string]' is not assignable to type 'Formatter<ValueType, NameType> & ((value: ValueType, name: NameType, item: TooltipPayloadEntry, index: number, payload: TooltipPayload) => ReactNode | [...])'.
  Type '(value: number, name: string) => [string, string]' is not assignable to type 'Formatter<ValueType, NameType>'.
    Types of parameters 'value' and 'value' are incompatible.
      Type 'ValueType | undefined' is not assignable to type 'number'.
        Type 'undefined' is not assignable to type 'number'.
src/components/admin/resellers/reseller-dashboard-charts.tsx(248,17): error TS2322: Type '(value: number) => [string, string]' is not assignable to type 'Formatter<ValueType, NameType> & ((value: ValueType, name: NameType, item: TooltipPayloadEntry, index: number, payload: TooltipPayload) => ReactNode | [...])'.
  Type '(value: number) => [string, string]' is not assignable to type 'Formatter<ValueType, NameType>'.
    Types of parameters 'value' and 'value' are incompatible.
      Type 'ValueType | undefined' is not assignable to type 'number'.
        Type 'undefined' is not assignable to type 'number'.
src/components/admin/resellers/reseller-storefront-summary-cards.tsx(7,10): error TS2305: Module '"@/lib/admin/mock/reseller-storefronts"' has no exported member 'mockResellerStorefronts'.
src/components/admin/resellers/reseller-storefront-summary-cards.tsx(11,47): error TS7006: Parameter 's' implicitly has an 'any' type.
src/components/admin/resellers/reseller-storefront-summary-cards.tsx(12,51): error TS7006: Parameter 's' implicitly has an 'any' type.
src/components/admin/resellers/reseller-storefront-summary-cards.tsx(13,50): error TS7006: Parameter 's' implicitly has an 'any' type.
src/components/admin/resellers/reseller-storefront-summary-cards.tsx(14,54): error TS7006: Parameter 'sum' implicitly has an 'any' type.
src/components/admin/resellers/reseller-storefront-summary-cards.tsx(14,59): error TS7006: Parameter 's' implicitly has an 'any' type.
src/components/admin/security/security-events-table.tsx(163,27): error TS2322: Type 'string' is not assignable to type 'AtlasIconName'.
src/components/admin/security/security-summary-cards.tsx(83,12): error TS2322: Type '{ children: Element; key: string; type: "button"; "aria-pressed": boolean | "" | undefined; onClick: () => void; className: string; }' is not assignable to type 'DetailedHTMLProps<ButtonHTMLAttributes<HTMLButtonElement>, HTMLButtonElement>'.
  Type '{ children: Element; key: string; type: "button"; "aria-pressed": boolean | "" | undefined; onClick: () => void; className: string; }' is not assignable to type 'ButtonHTMLAttributes<HTMLButtonElement>'.
    Types of property '"aria-pressed"' are incompatible.
      Type 'boolean | "" | undefined' is not assignable to type 'boolean | "true" | "false" | "mixed" | undefined'.
        Type '""' is not assignable to type 'boolean | "true" | "false" | "mixed" | undefined'.
src/components/admin/security/security-summary-cards.tsx(119,21): error TS2322: Type 'string' is not assignable to type 'AtlasIconName'.
src/components/admin/settings/tabs/communication-tabs.tsx(15,3): error TS2459: Module '"@/lib/admin/types/settings"' declares 'NotificationChannel' locally, but it is not exported.
src/components/admin/settings/tabs/platform-tabs.tsx(22,3): error TS2459: Module '"@/lib/admin/types/settings"' declares 'NotificationChannel' locally, but it is not exported.
src/components/admin/transactions/failed-transactions-card.tsx(6,10): error TS2305: Module '"@/lib/admin/types/transaction"' has no exported member 'Transaction'.
src/components/admin/transactions/live-transactions-card.tsx(7,10): error TS2305: Module '"@/lib/admin/types/transaction"' has no exported member 'Transaction'.
src/components/admin/transactions/transaction-analytics.tsx(74,24): error TS2322: Type '(value: number) => string | number' is not assignable to type 'Formatter<ValueType, NameType> & ((value: ValueType, name: NameType, item: TooltipPayloadEntry, index: number, payload: TooltipPayload) => ReactNode | [...])'.
  Type '(value: number) => string | number' is not assignable to type 'Formatter<ValueType, NameType>'.
    Types of parameters 'value' and 'value' are incompatible.
      Type 'ValueType | undefined' is not assignable to type 'number'.
        Type 'undefined' is not assignable to type 'number'.
src/components/customer/wallet-overview.tsx(18,8): error TS2724: '"@/contexts/SavedPaymentMethodsContext"' has no exported member named 'SavedPaymentMethod'. Did you mean 'useSavedPaymentMethods'?
src/components/customer/wallet-overview.tsx(71,5): error TS2339: Property 'deleteSavedMethod' does not exist on type 'SavedPaymentMethodsContextType'.
src/components/customer/wallet-overview.tsx(72,5): error TS2339: Property 'setDefaultMethod' does not exist on type 'SavedPaymentMethodsContextType'.
src/components/customer/wallet-overview.tsx(73,5): error TS2339: Property 'updateSavedMethod' does not exist on type 'SavedPaymentMethodsContextType'.
src/components/customer/wallet-overview.tsx(376,9): error TS2322: Type '"fund" | "withdraw"' is not assignable to type '"fund" | "purchase"'.
  Type '"withdraw"' is not assignable to type '"fund" | "purchase"'.
src/components/customer/wallet/wallet-overview.tsx(99,9): error TS2322: Type '{ id: string; methodId: WalletFundingMethod; label: string; maskedSummary: string; }[]' is not assignable to type 'PaymentFlowSavedMethod[]'.
  Property 'fieldValues' is missing in type '{ id: string; methodId: WalletFundingMethod; label: string; maskedSummary: string; }' but required in type 'PaymentFlowSavedMethod'.
src/components/customer/wallet/wallet-overview.tsx(269,9): error TS2322: Type '{ title: string; description: Error; onRetry: () => void; }' is not assignable to type 'IntrinsicAttributes & AtlasErrorStateProps'.
  Property 'description' does not exist on type 'IntrinsicAttributes & AtlasErrorStateProps'.
src/components/customer/wallet/wallet-overview.tsx(281,9): error TS2322: Type '{ title: string; description: string; onRetry: () => void; }' is not assignable to type 'IntrinsicAttributes & AtlasErrorStateProps'.
  Property 'description' does not exist on type 'IntrinsicAttributes & AtlasErrorStateProps'.
src/components/domains/affiliate-card.tsx(28,15): error TS2322: Type '"external-link"' is not assignable to type 'AtlasIconName'.
src/components/merchant/merchant-layout.tsx(27,9): error TS2322: Type '{ mobileNavOpen: boolean; onMenuToggle: () => void; storeName: string; storeUrl: string; }' is not assignable to type 'IntrinsicAttributes & MerchantHeaderProps'.
  Property 'mobileNavOpen' does not exist on type 'IntrinsicAttributes & MerchantHeaderProps'.
src/components/merchant/merchant-wallet-overview.tsx(255,9): error TS2322: Type '{ title: string; description: string; onRetry: () => void; }' is not assignable to type 'IntrinsicAttributes & AtlasErrorStateProps'.
  Property 'description' does not exist on type 'IntrinsicAttributes & AtlasErrorStateProps'.
src/components/merchant/merchant-wallet-overview.tsx(265,9): error TS2322: Type '{ title: string; description: string; onRetry: () => void; }' is not assignable to type 'IntrinsicAttributes & AtlasErrorStateProps'.
  Property 'description' does not exist on type 'IntrinsicAttributes & AtlasErrorStateProps'.
src/components/merchant/onboarding/StepSubscription.tsx(64,41): error TS2551: Property 'annualPrice' does not exist on type 'SubscriptionPlan'. Did you mean 'annualPriceGHS'?
src/components/merchant/onboarding/StepSubscription.tsx(64,60): error TS2551: Property 'monthlyPrice' does not exist on type 'SubscriptionPlan'. Did you mean 'monthlyPriceGHS'?
src/components/merchant/onboarding/StepSubscription.tsx(123,25): error TS2339: Property 'supportLevel' does not exist on type 'SubscriptionPlan'.
src/components/merchant/storefront/merchant-storefront.tsx(428,62): error TS2345: Argument of type 'string' is not assignable to parameter of type 'StorefrontTheme'.
src/components/merchant/storefront/merchant-storefront.tsx(627,42): error TS2339: Property 'domainOptions' does not exist on type 'SubscriptionPlan'.
src/components/reseller/reseller-customers.tsx(339,40): error TS2339: Property 'status' does not exist on type 'ResellerCustomerRow'.
src/components/reseller/reseller-customers.tsx(342,39): error TS2339: Property 'status' does not exist on type 'ResellerCustomerRow'.
src/components/reseller/reseller-overview.tsx(530,21): error TS2322: Type '"check" | "x"' is not assignable to type 'AtlasIconName'.
  Type '"x"' is not assignable to type 'AtlasIconName'.
src/components/reseller/reseller-wallet-overview.tsx(83,9): error TS2322: Type '{ id: string; methodId: WalletFundingMethod; label: string; maskedSummary: string; }[]' is not assignable to type 'PaymentFlowSavedMethod[]'.
  Property 'fieldValues' is missing in type '{ id: string; methodId: WalletFundingMethod; label: string; maskedSummary: string; }' but required in type 'PaymentFlowSavedMethod'.
src/components/reseller/reseller-wallet-overview.tsx(277,9): error TS2322: Type '{ title: string; description: Error; onRetry: () => void; }' is not assignable to type 'IntrinsicAttributes & AtlasErrorStateProps'.
  Property 'description' does not exist on type 'IntrinsicAttributes & AtlasErrorStateProps'.
src/components/reseller/reseller-wallet-overview.tsx(287,9): error TS2322: Type '{ title: string; description: string; onRetry: () => void; }' is not assignable to type 'IntrinsicAttributes & AtlasErrorStateProps'.
  Property 'description' does not exist on type 'IntrinsicAttributes & AtlasErrorStateProps'.
src/components/reseller/storefront/account/delete-account-modal.tsx(71,13): error TS2322: Type '"destructive"' is not assignable to type '"primary" | "secondary" | "outline" | "danger" | "ghost" | undefined'.
src/components/reseller/storefront/account/saved-methods-section.tsx(123,53): error TS2322: Type '{ children: string; variant: "brand"; size: string; }' is not assignable to type 'IntrinsicAttributes & AtlasBadgeProps'.
  Property 'size' does not exist on type 'IntrinsicAttributes & AtlasBadgeProps'.
src/components/reseller/storefront/account/security-section.tsx(64,23): error TS2322: Type '"destructive"' is not assignable to type '"primary" | "secondary" | "outline" | "ghost" | "danger" | undefined'.
src/components/reseller/wallet/wallet-recent-activity.tsx(79,63): error TS2322: Type '{ children: string; variant: "info" | "success" | "warning" | "danger" | "neutral"; size: string; }' is not assignable to type 'IntrinsicAttributes & AtlasBadgeProps'.
  Property 'size' does not exist on type 'IntrinsicAttributes & AtlasBadgeProps'.
src/config/product-categories.ts(7,3): error TS2353: Object literal may only specify known properties, and 'accessories' does not exist in type 'Record<MerchantTemplateCategory, string[]>'.
src/contexts/subscription-context.tsx(82,38): error TS2551: Property 'monthlyPrice' does not exist on type 'SubscriptionPlan'. Did you mean 'monthlyPriceGHS'?
src/contexts/subscription-context.tsx(82,61): error TS2551: Property 'annualPrice' does not exist on type 'SubscriptionPlan'. Did you mean 'annualPriceGHS'?
src/contexts/subscription-context.tsx(89,26): error TS2551: Property 'monthlyPrice' does not exist on type 'SubscriptionPlan'. Did you mean 'monthlyPriceGHS'?
src/contexts/subscription-context.tsx(90,26): error TS2551: Property 'annualPrice' does not exist on type 'SubscriptionPlan'. Did you mean 'annualPriceGHS'?
src/lib/admin/commissions/commission-projection.ts(184,5): error TS2322: Type 'Variant' is not assignable to type '"info" | "success" | "warning" | "danger" | "neutral"'.
  Type '"brand"' is not assignable to type '"info" | "success" | "warning" | "danger" | "neutral"'.
src/lib/admin/ecommerce/support/support-projection.ts(16,8): error TS5097: An import path can only end with a '.ts' extension when 'allowImportingTsExtensions' is enabled.
src/lib/admin/hooks/use-ecommerce-support-tickets.ts(36,57): error TS2345: Argument of type 'number | null' is not assignable to parameter of type 'number'.
  Type 'null' is not assignable to type 'number'.
src/lib/admin/hooks/use-ecommerce-support-tickets.ts(38,55): error TS2345: Argument of type 'number | null' is not assignable to parameter of type 'number'.
  Type 'null' is not assignable to type 'number'.
src/lib/admin/hooks/use-url-filters.ts(35,47): error TS7053: Element implicitly has an 'any' type because expression of type 'string' can't be used to index type '{}'.
  No index signature with a parameter of type 'string' was found on type '{}'.
src/lib/admin/hooks/use-url-filters.ts(35,64): error TS7053: Element implicitly has an 'any' type because expression of type 'string' can't be used to index type '{}'.
  No index signature with a parameter of type 'string' was found on type '{}'.
src/lib/admin/mock/customers.ts(40,5): error TS2322: Type 'null' is not assignable to type 'string | undefined'.
src/lib/admin/mock/customers.ts(97,5): error TS2322: Type 'null' is not assignable to type 'string | undefined'.
src/lib/admin/mock/customers.ts(150,5): error TS2322: Type 'null' is not assignable to type 'string | undefined'.
src/lib/admin/mock/customers.ts(151,5): error TS2322: Type 'null' is not assignable to type 'string | undefined'.
src/lib/admin/mock/customers.ts(192,5): error TS2322: Type 'null' is not assignable to type 'string | undefined'.
src/lib/admin/mock/customers.ts(193,5): error TS2322: Type 'null' is not assignable to type 'string | undefined'.
src/lib/admin/mock/customers.ts(234,5): error TS2322: Type 'null' is not assignable to type 'string | undefined'.
src/lib/admin/mock/customers.ts(235,5): error TS2322: Type 'null' is not assignable to type 'string | undefined'.
src/lib/admin/mock/customers.ts(277,5): error TS2322: Type 'null' is not assignable to type 'string | undefined'.
src/lib/admin/mock/customers.ts(311,5): error TS2322: Type 'null' is not assignable to type 'string | undefined'.
src/lib/admin/mock/customers.ts(312,5): error TS2322: Type 'null' is not assignable to type 'string | undefined'.
src/lib/admin/mock/customers.ts(346,5): error TS2322: Type 'null' is not assignable to type 'string | undefined'.
src/lib/admin/mock/customers.ts(347,5): error TS2322: Type 'null' is not assignable to type 'string | undefined'.
src/lib/admin/mock/customers.ts(381,5): error TS2322: Type 'null' is not assignable to type 'string | undefined'.
src/lib/admin/mock/customers.ts(382,5): error TS2322: Type 'null' is not assignable to type 'string | undefined'.
src/lib/admin/mock/customers.ts(416,5): error TS2322: Type 'null' is not assignable to type 'string | undefined'.
src/lib/admin/mock/customers.ts(417,5): error TS2322: Type 'null' is not assignable to type 'string | undefined'.
src/lib/admin/mock/customers.ts(451,5): error TS2322: Type 'null' is not assignable to type 'string | undefined'.
src/lib/admin/mock/customers.ts(452,5): error TS2322: Type 'null' is not assignable to type 'string | undefined'.
src/lib/admin/mock/customers.ts(486,5): error TS2322: Type 'null' is not assignable to type 'string | undefined'.
src/lib/admin/mock/customers.ts(487,5): error TS2322: Type 'null' is not assignable to type 'string | undefined'.
src/lib/admin/mock/customers.ts(521,5): error TS2322: Type 'null' is not assignable to type 'string | undefined'.
src/lib/admin/mock/customers.ts(522,5): error TS2322: Type 'null' is not assignable to type 'string | undefined'.
src/lib/admin/mock/customers.ts(556,5): error TS2322: Type 'null' is not assignable to type 'string | undefined'.
src/lib/admin/mock/customers.ts(557,5): error TS2322: Type 'null' is not assignable to type 'string | undefined'.
src/lib/admin/mock/customers.ts(591,5): error TS2322: Type 'null' is not assignable to type 'string | undefined'.
src/lib/admin/mock/customers.ts(592,5): error TS2322: Type 'null' is not assignable to type 'string | undefined'.
src/lib/admin/mock/customers.ts(626,5): error TS2322: Type 'null' is not assignable to type 'string | undefined'.
src/lib/admin/mock/customers.ts(627,5): error TS2322: Type 'null' is not assignable to type 'string | undefined'.
src/lib/admin/mock/customers.ts(661,5): error TS2322: Type 'null' is not assignable to type 'string | undefined'.
src/lib/admin/mock/customers.ts(662,5): error TS2322: Type 'null' is not assignable to type 'string | undefined'.
src/lib/admin/mock/customers.ts(696,5): error TS2322: Type 'null' is not assignable to type 'string | undefined'.
src/lib/admin/mock/customers.ts(697,5): error TS2322: Type 'null' is not assignable to type 'string | undefined'.
src/lib/admin/mock/customers.ts(731,5): error TS2322: Type 'null' is not assignable to type 'string | undefined'.
src/lib/admin/mock/customers.ts(732,5): error TS2322: Type 'null' is not assignable to type 'string | undefined'.
src/lib/admin/mock/customers.ts(766,5): error TS2322: Type 'null' is not assignable to type 'string | undefined'.
src/lib/admin/mock/customers.ts(767,5): error TS2322: Type 'null' is not assignable to type 'string | undefined'.
src/lib/admin/mock/reseller-dashboard.ts(5,3): error TS2305: Module '"../types/reseller-dashboard"' has no exported member 'CommissionTrendPoint'.
src/lib/admin/mock/reseller-dashboard.ts(9,14): error TS2741: Property 'asOf' is missing in type '{ totalResellers: number; activeResellers: number; pendingVerification: number; suspendedResellers: number; totalCommissionsPaid: number; }' but required in type 'ResellerDashboardSummary'.
src/lib/admin/mock/reseller-dashboard.ts(18,3): error TS2741: Property 'year' is missing in type '{ month: string; newResellers: number; }' but required in type 'ResellerGrowthPoint'.
src/lib/admin/mock/reseller-dashboard.ts(19,3): error TS2741: Property 'year' is missing in type '{ month: string; newResellers: number; }' but required in type 'ResellerGrowthPoint'.
src/lib/admin/mock/reseller-dashboard.ts(20,3): error TS2741: Property 'year' is missing in type '{ month: string; newResellers: number; }' but required in type 'ResellerGrowthPoint'.
src/lib/admin/mock/reseller-dashboard.ts(21,3): error TS2741: Property 'year' is missing in type '{ month: string; newResellers: number; }' but required in type 'ResellerGrowthPoint'.
src/lib/admin/mock/reseller-dashboard.ts(22,3): error TS2741: Property 'year' is missing in type '{ month: string; newResellers: number; }' but required in type 'ResellerGrowthPoint'.
src/lib/admin/mock/reseller-dashboard.ts(23,3): error TS2741: Property 'year' is missing in type '{ month: string; newResellers: number; }' but required in type 'ResellerGrowthPoint'.
src/lib/admin/mock/reseller-dashboard.ts(24,3): error TS2741: Property 'year' is missing in type '{ month: string; newResellers: number; }' but required in type 'ResellerGrowthPoint'.
src/lib/admin/mock/reseller-dashboard.ts(25,3): error TS2741: Property 'year' is missing in type '{ month: string; newResellers: number; }' but required in type 'ResellerGrowthPoint'.
src/lib/admin/mock/reseller-dashboard.ts(29,3): error TS2739: Type '{ id: string; name: string; revenue: number; commissions: number; }' is missing the following properties from type 'TopReseller': tier, tierId, status, verificationStatus, href
src/lib/admin/mock/reseller-dashboard.ts(30,3): error TS2739: Type '{ id: string; name: string; revenue: number; commissions: number; }' is missing the following properties from type 'TopReseller': tier, tierId, status, verificationStatus, href
src/lib/admin/mock/reseller-dashboard.ts(31,3): error TS2739: Type '{ id: string; name: string; revenue: number; commissions: number; }' is missing the following properties from type 'TopReseller': tier, tierId, status, verificationStatus, href
src/lib/admin/mock/reseller-dashboard.ts(32,3): error TS2739: Type '{ id: string; name: string; revenue: number; commissions: number; }' is missing the following properties from type 'TopReseller': tier, tierId, status, verificationStatus, href
src/lib/admin/mock/reseller-dashboard.ts(33,3): error TS2739: Type '{ id: string; name: string; revenue: number; commissions: number; }' is missing the following properties from type 'TopReseller': tier, tierId, status, verificationStatus, href
src/lib/admin/mock/reseller-dashboard.ts(47,3): error TS2739: Type '{ id: string; type: "registration"; description: string; timestamp: string; }' is missing the following properties from type 'RecentActivity': resellerId, resellerName, href, source
src/lib/admin/mock/reseller-dashboard.ts(48,3): error TS2739: Type '{ id: string; type: "verification"; description: string; timestamp: string; }' is missing the following properties from type 'RecentActivity': resellerId, resellerName, href, source
src/lib/admin/mock/reseller-dashboard.ts(49,3): error TS2739: Type '{ id: string; type: "storefront"; description: string; timestamp: string; }' is missing the following properties from type 'RecentActivity': resellerId, resellerName, href, source
src/lib/admin/mock/reseller-dashboard.ts(50,3): error TS2739: Type '{ id: string; type: "commission"; description: string; timestamp: string; }' is missing the following properties from type 'RecentActivity': resellerId, resellerName, href, source
src/lib/admin/mock/reseller-dashboard.ts(51,3): error TS2739: Type '{ id: string; type: "wallet"; description: string; timestamp: string; }' is missing the following properties from type 'RecentActivity': resellerId, resellerName, href, source
src/lib/admin/mock/reseller-verification-store.ts(7,3): error TS2305: Module '"@/lib/admin/resellers/verification-projection"' has no exported member 'VerificationSlice'.
src/lib/admin/mock/reseller-verification-store.ts(8,3): error TS2305: Module '"@/lib/admin/resellers/verification-projection"' has no exported member 'VerificationSnapshot'.
src/lib/admin/mock/support-store.ts(68,7): error TS2322: Type 'string | undefined' is not assignable to type 'string'.
  Type 'undefined' is not assignable to type 'string'.
src/lib/admin/mock/transactions.ts(1,15): error TS2305: Module '"../types/transaction"' has no exported member 'Transaction'.
src/lib/admin/orders/orders-helpers.ts(46,62): error TS2339: Property 'walletOwner' does not exist on type 'OrderWalletDebit | undefined'.
src/lib/admin/payments/payments-projection.ts(160,7): error TS2322: Type 'Variant' is not assignable to type '"danger" | "success" | "warning" | "neutral" | "info"'.
  Type '"brand"' is not assignable to type '"danger" | "success" | "warning" | "neutral" | "info"'.
src/lib/admin/payments/payments-projection.ts(175,7): error TS2322: Type 'Variant' is not assignable to type '"danger" | "success" | "warning" | "neutral" | "info" | undefined'.
  Type '"brand"' is not assignable to type '"danger" | "success" | "warning" | "neutral" | "info" | undefined'.
src/lib/admin/payments/payments-projection.ts(182,7): error TS2322: Type 'Variant' is not assignable to type '"danger" | "success" | "warning" | "neutral" | "info" | undefined'.
  Type '"brand"' is not assignable to type '"danger" | "success" | "warning" | "neutral" | "info" | undefined'.
src/lib/admin/resellers/analytics-projection.ts(75,30): error TS2345: Argument of type 'string | undefined' is not assignable to parameter of type 'string'.
  Type 'undefined' is not assignable to type 'string'.
src/lib/admin/resellers/analytics-projection.ts(80,15): error TS2345: Argument of type 'string | undefined' is not assignable to parameter of type 'string'.
  Type 'undefined' is not assignable to type 'string'.
src/lib/admin/resellers/analytics-projection.ts(135,32): error TS2345: Argument of type 'string | undefined' is not assignable to parameter of type 'string'.
  Type 'undefined' is not assignable to type 'string'.
src/lib/admin/resellers/analytics-projection.ts(138,17): error TS2345: Argument of type 'string | undefined' is not assignable to parameter of type 'string'.
  Type 'undefined' is not assignable to type 'string'.
src/lib/admin/resellers/support-projection.ts(59,18): error TS2769: No overload matches this call.
  Overload 1 of 4, '(value: string | number | Date): Date', gave the following error.
    Argument of type 'string | undefined' is not assignable to parameter of type 'string | number | Date'.
      Type 'undefined' is not assignable to type 'string | number | Date'.
  Overload 2 of 4, '(value: string | number): Date', gave the following error.
    Argument of type 'string | undefined' is not assignable to parameter of type 'string | number'.
      Type 'undefined' is not assignable to type 'string | number'.
src/lib/admin/resellers/support-projection.ts(59,52): error TS2769: No overload matches this call.
  Overload 1 of 4, '(value: string | number | Date): Date', gave the following error.
    Argument of type 'string | undefined' is not assignable to parameter of type 'string | number | Date'.
      Type 'undefined' is not assignable to type 'string | number | Date'.
  Overload 2 of 4, '(value: string | number): Date', gave the following error.
    Argument of type 'string | undefined' is not assignable to parameter of type 'string | number'.
      Type 'undefined' is not assignable to type 'string | number'.
src/lib/admin/resellers/tier-projection.ts(23,16): error TS2538: Type 'undefined' cannot be used as an index type.
src/lib/admin/resellers/tier-projection.ts(23,48): error TS2538: Type 'undefined' cannot be used as an index type.
src/lib/admin/resellers/tier-projection.ts(24,12): error TS2538: Type 'undefined' cannot be used as an index type.
src/lib/admin/types/support.ts(144,3): error TS2300: Duplicate identifier 'ticketRef'.
src/lib/admin/types/support.ts(144,14): error TS2304: Cannot find name 'ReactNode'.
src/lib/admin/types/support.ts(145,3): error TS2300: Duplicate identifier 'ticketRef'.
src/lib/admin/wallets/wallet-csv-export.ts(43,15): error TS2339: Property 'sourceMethodId' does not exist on type 'WalletWithdrawalQueueRow'.
src/lib/admin/wallets/wallet-csv-export.ts(44,15): error TS2339: Property 'sourceProvider' does not exist on type 'WalletWithdrawalQueueRow'.
src/lib/admin/wallets/wallet-csv-export.ts(45,15): error TS2339: Property 'sourceMaskedLabel' does not exist on type 'WalletWithdrawalQueueRow'.
src/lib/domains/orders/use-reseller-orders.ts(27,3): error TS2741: Property 'paymentMethodId' is missing in type '{ id: string; audience: "storefront_user" | "reseller"; serviceId: string; providerId: string; networkId: string | undefined; customerName: string; customerPhone: string; amount: number; commission: number; status: OrderStatus; createdAt: string; }' but required in type 'ResellerOrderRow'.
src/lib/domains/storefront/customer-mutations.ts(2,3): error TS2305: Module '"../../storefront/types"' has no exported member 'StorefrontCustomerRecord'.
src/lib/domains/storefront/customer-mutations.ts(3,3): error TS2305: Module '"../../storefront/types"' has no exported member 'StorefrontCustomerSavedDetails'.
src/lib/domains/storefront/customer-store.ts(2,3): error TS2305: Module '"../../storefront/types"' has no exported member 'StorefrontCustomerRecord'.
src/lib/domains/storefront/customer-store.ts(3,3): error TS2305: Module '"../../storefront/types"' has no exported member 'StorefrontCustomerState'.
src/lib/merchant-storefront-data.ts(11,5): error TS2322: Type '"accessories"' is not assignable to type 'MerchantTemplateCategory'.
src/lib/merchant-storefront-data.ts(12,5): error TS2322: Type '"electronics"' is not assignable to type 'MerchantTemplateCategory'.
src/lib/public-store.ts(13,5): error TS2741: Property 'storefrontId' is missing in type '{ storeName: string; slug: string; primaryColor: string; accentColor: string; tagline: string; description: string; heroTitle: string; heroDescription: string; theme: "modern"; templateId: string; ... 11 more ...; paymentMethodIds: string[]; }' but required in type 'MerchantStorefrontConfig'.
src/lib/public-store.ts(145,5): error TS2741: Property 'storefrontId' is missing in type '{ storeName: string; slug: string; primaryColor: string; accentColor: string; tagline: string; description: string; heroTitle: string; heroDescription: string; theme: "modern"; templateId: string; ... 11 more ...; paymentMethodIds: string[]; }' but required in type 'MerchantStorefrontConfig'.
src/lib/storefront/defaults.ts(3,14): error TS2741: Property 'ownerId' is missing in type '{ id: string; storefrontId: string; store: { name: string; slug: string; subdomain: string; description: string; logo: string; }; branding: { primaryColor: string; secondaryColor: string; accentColor: string; textColor: string; }; ... 7 more ...; publication: { ...; }; }' but required in type 'StorefrontConfig'.
